// Jest Snapshot v1, https://goo.gl/fbAQLP

exports[`renders SuccessModal 1`] = `<div />`;
