// Jest Snapshot v1, https://goo.gl/fbAQLP

exports[`renders FailedModal 1`] = `<div />`;
