// Jest Snapshot v1, https://goo.gl/fbAQLP

exports[`renders Summary 1`] = `
<div>
  <div
    class="css-jxadsl-Summary"
  >
    <div
      class="css-5g37ib-Summary"
    >
      <div
        class="chakra-skeleton css-ibmh67"
      />
    </div>
    <table
      class="chakra-table css-0"
      role="table"
    >
      <tbody
        class="css-0"
      >
        <tr
          class="css-0"
          role="row"
        >
          <td
            class="css-jhl0h9"
            role="gridcell"
          >
            Number
          </td>
          <td
            class="css-0"
            role="gridcell"
          >
            <div
              class="chakra-skeleton css-sf9g0d"
              data-testid="summary-skeleton"
            />
          </td>
        </tr>
        <tr
          class="css-0"
          role="row"
        >
          <td
            class="css-jhl0h9"
            role="gridcell"
          >
            Types
          </td>
          <td
            class="css-0"
            role="gridcell"
          >
            <div
              class="chakra-skeleton css-sf9g0d"
              data-testid="summary-skeleton"
            />
          </td>
        </tr>
        <tr
          class="css-0"
          role="row"
        >
          <td
            class="css-jhl0h9"
            role="gridcell"
          >
            Height
          </td>
          <td
            class="css-0"
            role="gridcell"
          >
            <div
              class="chakra-skeleton css-sf9g0d"
              data-testid="summary-skeleton"
            />
          </td>
        </tr>
        <tr
          class="css-0"
          role="row"
        >
          <td
            class="css-jhl0h9"
            role="gridcell"
          >
            Weight
          </td>
          <td
            class="css-0"
            role="gridcell"
          >
            <div
              class="chakra-skeleton css-sf9g0d"
              data-testid="summary-skeleton"
            />
          </td>
        </tr>
        <tr
          class="css-0"
          role="row"
        >
          <td
            class="css-jhl0h9"
            role="gridcell"
          >
            Abilities
          </td>
          <td
            class="css-0"
            role="gridcell"
          >
            <div
              class="chakra-skeleton css-sf9g0d"
              data-testid="summary-skeleton"
            />
          </td>
        </tr>
        <tr
          class="css-0"
          role="row"
        >
          <td
            class="css-jhl0h9"
            role="gridcell"
          >
            Base exp.
          </td>
          <td
            class="css-0"
            role="gridcell"
          >
            <div
              class="chakra-skeleton css-sf9g0d"
              data-testid="summary-skeleton"
            />
          </td>
        </tr>
      </tbody>
    </table>
  </div>
</div>
`;
