// Jest Snapshot v1, https://goo.gl/fbAQLP

exports[`renders ReleaseModal 1`] = `<div />`;
