// Jest Snapshot v1, https://goo.gl/fbAQLP

exports[`renders ChevronLeftIcon 1`] = `
<div>
  <svg
    fill="none"
    height="24"
    style="display: inline-block;"
    viewBox="0 0 24 24"
    width="24"
  >
    <path
      d="M16.2426 6.34317L14.8284 4.92896L7.75739 12L14.8285 19.0711L16.2427 17.6569L10.5858 12L16.2426 6.34317Z"
      fill="currentColor"
    />
  </svg>
</div>
`;
